[     148ms] [LOG] [Fast Refresh] rebuilding @ http://localhost:3000/_next/static/chunks/node_modules_next_dist_115brz8._.js:2477
[    3601ms] [LOG] [Fast Refresh] done in 3564ms @ http://localhost:3000/_next/static/chunks/node_modules_next_dist_115brz8._.js:2477
[    4920ms] [INFO] %cDownload the React DevTools for a better development experience: https://react.dev/link/react-devtools font-weight:bold @ http://localhost:3000/_next/static/chunks/node_modules_next_dist_115brz8._.js:2477
[    4970ms] [LOG] [HMR] connected @ http://localhost:3000/_next/static/chunks/node_modules_next_dist_115brz8._.js:2477
[    5212ms] [ERROR] Failed to load resource: the server responded with a status of 404 (Not Found) @ http://localhost:3000/icons/icon-192x192.png:0
[    5394ms] [WARNING] Error while trying to use the following icon from the Manifest: http://localhost:3000/icons/icon-192x192.png (Download error or resource isn't a valid image) @ http://localhost:3000/en/dashboard/admin/plugin-store:0
[    5873ms] [ERROR] In HTML, %s cannot be a descendant of <%s>.
This will cause a hydration error.%s <button> button 

  ...
    <RenderFromTemplateContext>
      <ScrollAndMaybeFocusHandler cacheNode={{rsc:{...}, ...}}>
        <InnerScrollAndFocusHandlerOld focusAndScrollRef={{scrollRef:null, ...}} cacheNode={{rsc:{...}, ...}}>
          <ErrorBoundary errorComponent={undefined} errorStyles={undefined} errorScripts={undefined}>
            <LoadingBoundary name="plugin-store/" loading={null}>
              <HTTPAccessFallbackBoundary notFound={undefined} forbidden={undefined} unauthorized={undefined}>
                <RedirectBoundary>
                  <RedirectErrorBoundary router={{...}}>
                    <InnerLayoutRouter url="/en/dashbo..." tree={[...]} params={{locale:"en"}} ...>
                      <SegmentViewNode type="page" pagePath="[locale]/d...">
                        <SegmentTrieNode>
                        <PluginStorePage>
                          <PluginStore>
                            <div className="p-8 max-w-...">
                              <div>
                              <div>
                              <div className="grid grid-...">
>                               <button
>                                 onClick={function onClick}
>                                 className="rounded-lg border p-4 text-left transition-colors bg-card hover:bg-muted/50"
>                               >
                                  <div>
                                  <p>
                                  <div className="flex gap-2...">
>                                   <button
>                                     onClick={function onClick}
>                                     className="text-xs px-2 py-1 rounded bg-primary/10 text-primary hover:bg-primary/20"
>                                   >
                                    ...
                                ...
                      ...
                    ...
          ...
 @ http://localhost:3000/_next/static/chunks/node_modules_next_dist_115brz8._.js:3318
[    5873ms] [ERROR] <%s> cannot contain a nested %s.
See this log for the ancestor stack trace. button <button> @ http://localhost:3000/_next/static/chunks/node_modules_next_dist_115brz8._.js:3318
[    8519ms] [ERROR] Failed to load resource: net::ERR_CONNECTION_REFUSED @ http://localhost:8000/uploads/logo_tenant-acme_6d0d4dc7.png:0
[   36947ms] [LOG] [Fast Refresh] rebuilding @ http://localhost:3000/_next/static/chunks/node_modules_next_dist_115brz8._.js:2477
[   38081ms] [ERROR] ./src/components/admin/views/PluginStore.tsx:114:9
Expected '</', got ')'
  112 |             </div>
  113 |           </button>
> 114 |         ))}
      |         ^
  115 |       </div>
  116 |
  117 |       {selectedPlugin && reviews.length > 0 && (

Parsing ecmascript source code failed

Import trace:
  Server Component:
    ./src/components/admin/views/PluginStore.tsx
    ./src/app/[locale]/dashboard/admin/plugin-store/page.tsx @ http://localhost:3000/_next/static/chunks/node_modules_next_dist_115brz8._.js:3318
[   38288ms] [LOG] [Fast Refresh] rebuilding @ http://localhost:3000/_next/static/chunks/node_modules_next_dist_115brz8._.js:2477
[   38850ms] [ERROR] ./src/components/admin/views/PluginStore.tsx:114:9
Expected '</', got ')'
  112 |             </div>
  113 |           </button>
> 114 |         ))}
      |         ^
  115 |       </div>
  116 |
  117 |       {selectedPlugin && reviews.length > 0 && (

Parsing ecmascript source code failed

Import trace:
  Server Component:
    ./src/components/admin/views/PluginStore.tsx
    ./src/app/[locale]/dashboard/admin/plugin-store/page.tsx @ http://localhost:3000/_next/static/chunks/node_modules_next_dist_115brz8._.js:3318
[   38851ms] [ERROR] Failed to load resource: the server responded with a status of 500 (Internal Server Error) @ http://localhost:3000/en/dashboard/admin/plugin-store?_rsc=wlzIvTJr-JO453XZ:0
[   39021ms] [ERROR] ./src/components/admin/views/PluginStore.tsx:114:9
Expected '</', got ')'
  112 |             </div>
  113 |           </button>
> 114 |         ))}
      |         ^
  115 |       </div>
  116 |
  117 |       {selectedPlugin && reviews.length > 0 && (

Parsing ecmascript source code failed

Import trace:
  Server Component:
    ./src/components/admin/views/PluginStore.tsx
    ./src/app/[locale]/dashboard/admin/plugin-store/page.tsx @ http://localhost:3000/_next/static/chunks/node_modules_next_dist_115brz8._.js:3318
[   39022ms] [ERROR] Failed to load resource: the server responded with a status of 500 (Internal Server Error) @ http://localhost:3000/en/dashboard/admin/plugin-store?_rsc=wlzIvTJr-JO453XZ:0
[   39064ms] [ERROR] ./src/components/admin/views/PluginStore.tsx:114:9
Expected '</', got ')'
  112 |             </div>
  113 |           </button>
> 114 |         ))}
      |         ^
  115 |       </div>
  116 |
  117 |       {selectedPlugin && reviews.length > 0 && (

Parsing ecmascript source code failed

Import trace:
  Server Component:
    ./src/components/admin/views/PluginStore.tsx
    ./src/app/[locale]/dashboard/admin/plugin-store/page.tsx @ http://localhost:3000/_next/static/chunks/node_modules_next_dist_115brz8._.js:3318
[   39078ms] [ERROR] Failed to load resource: the server responded with a status of 500 (Internal Server Error) @ http://localhost:3000/en/dashboard/admin/plugin-store:0
[   39307ms] [INFO] %cDownload the React DevTools for a better development experience: https://react.dev/link/react-devtools font-weight:bold @ http://localhost:3000/_next/static/chunks/node_modules_react-dom_0bruynb._.js:15305
[   39456ms] Error: ./src/components/admin/views/PluginStore.tsx:114:9
Expected '</', got ')'
  112 |             </div>
  113 |           </button>
> 114 |         ))}
      |         ^
  115 |       </div>
  116 |
  117 |       {selectedPlugin && reviews.length > 0 && (

Parsing ecmascript source code failed

Import trace:
  Server Component:
    ./src/components/admin/views/PluginStore.tsx
    ./src/app/[locale]/dashboard/admin/plugin-store/page.tsx


    at <unknown> (Error: ./src/components/admin/views/PluginStore.tsx:114:9)
    at Object.getCompilationErrors (file://C:\Users\Khazan\Documents\GitHub\SAS\frontend\node_modules\next\dist\server\dev\hot-reloader-turbopack.js:1186:59)
    at DevBundlerService.getCompilationError (file://C:\Users\Khazan\Documents\GitHub\SAS\frontend\node_modules\next\dist\server\lib\dev-bundler-service.js:44:55)
    at DevServer.getCompilationError (file://C:\Users\Khazan\Documents\GitHub\SAS\frontend\node_modules\next\dist\server\dev\next-dev-server.js:720:42)
    at DevServer.findPageComponents (file://C:\Users\Khazan\Documents\GitHub\SAS\frontend\node_modules\next\dist\server\dev\next-dev-server.js:690:43)
    at async DevServer.renderErrorToResponseImpl (file://C:\Users\Khazan\Documents\GitHub\SAS\frontend\node_modules\next\dist\server\base-server.js:1753:26)
[   39457ms] [LOG] [HMR] connected @ http://localhost:3000/_next/static/chunks/node_modules_next_dist_0u_w_5s._.js:1226
[   39465ms] [ERROR] ./src/components/admin/views/PluginStore.tsx:114:9
Expected '</', got ')'
  112 |             </div>
  113 |           </button>
> 114 |         ))}
      |         ^
  115 |       </div>
  116 |
  117 |       {selectedPlugin && reviews.length > 0 && (

Parsing ecmascript source code failed

Import trace:
  Server Component:
    ./src/components/admin/views/PluginStore.tsx
    ./src/app/[locale]/dashboard/admin/plugin-store/page.tsx @ http://localhost:3000/_next/static/chunks/node_modules_next_dist_0u_w_5s._.js:1945
[   39519ms] [ERROR] ./src/components/admin/views/PluginStore.tsx:114:9
Expected '</', got ')'
  112 |             </div>
  113 |           </button>
> 114 |         ))}
      |         ^
  115 |       </div>
  116 |
  117 |       {selectedPlugin && reviews.length > 0 && (

Parsing ecmascript source code failed

Import trace:
  Server Component:
    ./src/components/admin/views/PluginStore.tsx
    ./src/app/[locale]/dashboard/admin/plugin-store/page.tsx @ http://localhost:3000/_next/static/chunks/node_modules_next_dist_0u_w_5s._.js:1945
[   39596ms] [ERROR] ./src/components/admin/views/PluginStore.tsx:114:9
Expected '</', got ')'
  112 |             </div>
  113 |           </button>
> 114 |         ))}
      |         ^
  115 |       </div>
  116 |
  117 |       {selectedPlugin && reviews.length > 0 && (

Parsing ecmascript source code failed

Import trace:
  Server Component:
    ./src/components/admin/views/PluginStore.tsx
    ./src/app/[locale]/dashboard/admin/plugin-store/page.tsx @ http://localhost:3000/_next/static/chunks/node_modules_next_dist_0u_w_5s._.js:1945
[   39645ms] [LOG] [Fast Refresh] rebuilding @ http://localhost:3000/_next/static/chunks/node_modules_next_dist_0u_w_5s._.js:1226
[   51153ms] [LOG] [Fast Refresh] rebuilding @ http://localhost:3000/_next/static/chunks/node_modules_next_dist_0u_w_5s._.js:1226
[   52159ms] [LOG] [Fast Refresh] done in 1108ms @ http://localhost:3000/_next/static/chunks/node_modules_next_dist_0u_w_5s._.js:1226
[   52510ms] [LOG] [Fast Refresh] rebuilding @ http://localhost:3000/_next/static/chunks/node_modules_next_dist_0u_w_5s._.js:1226
[   52917ms] [LOG] [Fast Refresh] done in 519ms @ http://localhost:3000/_next/static/chunks/node_modules_next_dist_0u_w_5s._.js:1226
[   53124ms] [INFO] %cDownload the React DevTools for a better development experience: https://react.dev/link/react-devtools font-weight:bold @ http://localhost:3000/_next/static/chunks/node_modules_next_dist_115brz8._.js:2477
[   53182ms] [LOG] [HMR] connected @ http://localhost:3000/_next/static/chunks/node_modules_next_dist_115brz8._.js:2477
[   53423ms] [ERROR] Failed to load resource: the server responded with a status of 404 (Not Found) @ http://localhost:3000/icons/icon-192x192.png:0
[   53584ms] [WARNING] Error while trying to use the following icon from the Manifest: http://localhost:3000/icons/icon-192x192.png (Download error or resource isn't a valid image) @ http://localhost:3000/en/dashboard/admin/plugin-store:0
[   56564ms] [ERROR] Failed to load resource: net::ERR_CONNECTION_REFUSED @ http://localhost:8000/uploads/logo_tenant-acme_6d0d4dc7.png:0
[  745377ms] [LOG] [Fast Refresh] rebuilding @ http://localhost:3000/_next/static/chunks/node_modules_next_dist_115brz8._.js:2477
[  745991ms] [LOG] [Fast Refresh] done in 718ms @ http://localhost:3000/_next/static/chunks/node_modules_next_dist_115brz8._.js:2477
[  746190ms] [LOG] [Fast Refresh] rebuilding @ http://localhost:3000/_next/static/chunks/node_modules_next_dist_115brz8._.js:2477
[  746481ms] [LOG] [Fast Refresh] done in 393ms @ http://localhost:3000/_next/static/chunks/node_modules_next_dist_115brz8._.js:2477
[  746836ms] [LOG] [Fast Refresh] rebuilding @ http://localhost:3000/_next/static/chunks/node_modules_next_dist_115brz8._.js:2477
[  746875ms] [LOG] [Fast Refresh] done in 142ms @ http://localhost:3000/_next/static/chunks/node_modules_next_dist_115brz8._.js:2477
[  746997ms] [ERROR] Failed to load resource: the server responded with a status of 404 (Not Found) @ http://localhost:3000/icons/icon-192x192.png:0
[  747005ms] [WARNING] Error while trying to use the following icon from the Manifest: http://localhost:3000/icons/icon-192x192.png (Download error or resource isn't a valid image) @ http://localhost:3000/en/dashboard/admin/plugin-store:0
[  752727ms] [LOG] [Fast Refresh] rebuilding @ http://localhost:3000/_next/static/chunks/node_modules_next_dist_115brz8._.js:2477
[  753392ms] [LOG] [Fast Refresh] done in 763ms @ http://localhost:3000/_next/static/chunks/node_modules_next_dist_115brz8._.js:2477
[  753570ms] [LOG] [Fast Refresh] rebuilding @ http://localhost:3000/_next/static/chunks/node_modules_next_dist_115brz8._.js:2477
[  753670ms] [LOG] [Fast Refresh] done in 201ms @ http://localhost:3000/_next/static/chunks/node_modules_next_dist_115brz8._.js:2477
[  753772ms] [LOG] [Fast Refresh] rebuilding @ http://localhost:3000/_next/static/chunks/node_modules_next_dist_115brz8._.js:2477
[  753792ms] [LOG] [Fast Refresh] done in 120ms @ http://localhost:3000/_next/static/chunks/node_modules_next_dist_115brz8._.js:2477
[  754165ms] [LOG] [Fast Refresh] rebuilding @ http://localhost:3000/_next/static/chunks/node_modules_next_dist_115brz8._.js:2477
[  754177ms] [LOG] [Fast Refresh] done in 115ms @ http://localhost:3000/_next/static/chunks/node_modules_next_dist_115brz8._.js:2477
[  754185ms] [ERROR] Failed to load resource: the server responded with a status of 404 (Not Found) @ http://localhost:3000/icons/icon-192x192.png:0
[  754281ms] [WARNING] Error while trying to use the following icon from the Manifest: http://localhost:3000/icons/icon-192x192.png (Download error or resource isn't a valid image) @ http://localhost:3000/en/dashboard/admin/plugin-store:0
[  772965ms] [LOG] [Fast Refresh] rebuilding @ http://localhost:3000/_next/static/chunks/node_modules_next_dist_115brz8._.js:2477
[  773616ms] [LOG] [Fast Refresh] done in 757ms @ http://localhost:3000/_next/static/chunks/node_modules_next_dist_115brz8._.js:2477
[  773822ms] [LOG] [Fast Refresh] rebuilding @ http://localhost:3000/_next/static/chunks/node_modules_next_dist_115brz8._.js:2477
[  773965ms] [LOG] [Fast Refresh] done in 247ms @ http://localhost:3000/_next/static/chunks/node_modules_next_dist_115brz8._.js:2477
[  774070ms] [LOG] [Fast Refresh] rebuilding @ http://localhost:3000/_next/static/chunks/node_modules_next_dist_115brz8._.js:2477
[  774114ms] [LOG] [Fast Refresh] done in 146ms @ http://localhost:3000/_next/static/chunks/node_modules_next_dist_115brz8._.js:2477
[  774258ms] [LOG] [Fast Refresh] rebuilding @ http://localhost:3000/_next/static/chunks/node_modules_next_dist_115brz8._.js:2477
[  775071ms] [LOG] [Fast Refresh] done in 914ms @ http://localhost:3000/_next/static/chunks/node_modules_next_dist_115brz8._.js:2477
[  775090ms] [ERROR] Failed to load resource: the server responded with a status of 404 (Not Found) @ http://localhost:3000/icons/icon-192x192.png:0
[  775287ms] [LOG] [Fast Refresh] rebuilding @ http://localhost:3000/_next/static/chunks/node_modules_next_dist_115brz8._.js:2477
[  775425ms] [LOG] [Fast Refresh] done in 239ms @ http://localhost:3000/_next/static/chunks/node_modules_next_dist_115brz8._.js:2477
[  775556ms] [LOG] [Fast Refresh] rebuilding @ http://localhost:3000/_next/static/chunks/node_modules_next_dist_115brz8._.js:2477
[  775710ms] [LOG] [Fast Refresh] done in 255ms @ http://localhost:3000/_next/static/chunks/node_modules_next_dist_115brz8._.js:2477
[  775750ms] [WARNING] Error while trying to use the following icon from the Manifest: http://localhost:3000/icons/icon-192x192.png (Download error or resource isn't a valid image) @ http://localhost:3000/en/dashboard/admin/plugin-store:0
[  776181ms] [ERROR] Failed to load resource: the server responded with a status of 404 (Not Found) @ http://localhost:3000/icons/icon-192x192.png:0
[  776198ms] [WARNING] Error while trying to use the following icon from the Manifest: http://localhost:3000/icons/icon-192x192.png (Download error or resource isn't a valid image) @ http://localhost:3000/en/dashboard/admin/plugin-store:0
